-- Connection Settings.
\set HIVE_SERVER         `echo \'"$HIVE_SERVER"\'`
\set HIVE_CLIENT_TYPE    `echo \'"$CLIENT_TYPE"\'`
\set HIVE_PORT           `echo \'"$HIVE_PORT"\'`
\set HIVE_USER           `echo \'"$HIVE_USER"\'`
\set HIVE_PASSWORD       `echo \'"$HIVE_PASSWORD"\'`
\set AUTH_TYPE           `echo \'"$AUTH_TYPE"\'`
-- Create the database.
CREATE DATABASE fdw_regression;
\c fdw_regression postgres
-- Set the Date Style
SET datestyle TO SQL,DMY;
-- Set the Search Path to PUBLIC Schema
SET search_path TO public;
-- Create Hadoop FDW Extension.
CREATE EXTENSION hdfs_fdw;
-- Create Hadoop FDW Server.
CREATE SERVER hdfs_server FOREIGN DATA WRAPPER hdfs_fdw OPTIONS(host :HIVE_SERVER, port :HIVE_PORT, client_type :HIVE_CLIENT_TYPE, auth_type :AUTH_TYPE);
-- Create Hadoop USER MAPPING.
CREATE USER MAPPING FOR postgres SERVER hdfs_server OPTIONS (username :HIVE_USER, password :HIVE_PASSWORD);
-- Create Foreign Tables.
CREATE FOREIGN TABLE emp_ext (
empno INTEGER,
ename VARCHAR(10),
job VARCHAR(9),
mgr INTEGER,
hiredate DATE,
sal INTEGER,
comm INTEGER,
deptno INTEGER
)
SERVER hdfs_server OPTIONS (dbname 'fdw_db', table_name 'emp_ext');
CREATE FOREIGN TABLE dept (
    deptno          INTEGER,
    dname           VARCHAR(14),
    loc             VARCHAR(13)
)
SERVER hdfs_server OPTIONS (dbname 'fdw_db', table_name 'dept');
-- Data retrival using SELECT Statement.
SELECT * FROM emp_ext ORDER BY empno;
 empno | ename  |    job    | mgr  |  hiredate  | sal  | comm | deptno 
-------+--------+-----------+------+------------+------+------+--------
  7369 | SMITH  | CLERK     | 7902 | 17/12/1980 |  800 |      |     20
  7499 | ALLEN  | SALESMAN  | 7698 | 20/02/1981 | 1600 |  300 |     30
  7521 | WARD   | SALESMAN  | 7698 | 22/02/1981 | 1250 |  500 |     30
  7566 | JONES  | MANAGER   | 7839 | 02/04/1981 | 2975 |      |     20
  7654 | MARTIN | SALESMAN  | 7698 | 28/09/1981 | 1250 | 1400 |     30
  7698 | BLAKE  | MANAGER   | 7839 | 01/05/1981 | 2850 |      |     30
  7782 | CLARK  | MANAGER   | 7839 | 09/06/1981 | 2450 |      |     10
  7788 | SCOTT  | ANALYST   | 7566 | 19/04/1987 | 3000 |      |     20
  7839 | KING   | PRESIDENT |      | 17/11/1981 | 5000 |      |     10
  7844 | TURNER | SALESMAN  | 7698 | 08/09/1980 | 1500 |    0 |     30
  7876 | ADAMS  | CLERK     | 7788 | 23/05/1987 | 1100 |      |     20
  7900 | JAMES  | CLERK     | 7698 | 03/12/1981 |  950 |      |     30
  7902 | FORD   | ANALYST   | 7566 | 03/12/1981 | 3000 |      |     20
  7934 | MILLER | CLERK     | 7782 | 23/01/1982 | 1300 |      |     10
(14 rows)

SELECT empno, ename, job, mgr, hiredate, sal, comm, deptno FROM emp_ext ORDER BY empno,sal;
 empno | ename  |    job    | mgr  |  hiredate  | sal  | comm | deptno 
-------+--------+-----------+------+------------+------+------+--------
  7369 | SMITH  | CLERK     | 7902 | 17/12/1980 |  800 |      |     20
  7499 | ALLEN  | SALESMAN  | 7698 | 20/02/1981 | 1600 |  300 |     30
  7521 | WARD   | SALESMAN  | 7698 | 22/02/1981 | 1250 |  500 |     30
  7566 | JONES  | MANAGER   | 7839 | 02/04/1981 | 2975 |      |     20
  7654 | MARTIN | SALESMAN  | 7698 | 28/09/1981 | 1250 | 1400 |     30
  7698 | BLAKE  | MANAGER   | 7839 | 01/05/1981 | 2850 |      |     30
  7782 | CLARK  | MANAGER   | 7839 | 09/06/1981 | 2450 |      |     10
  7788 | SCOTT  | ANALYST   | 7566 | 19/04/1987 | 3000 |      |     20
  7839 | KING   | PRESIDENT |      | 17/11/1981 | 5000 |      |     10
  7844 | TURNER | SALESMAN  | 7698 | 08/09/1980 | 1500 |    0 |     30
  7876 | ADAMS  | CLERK     | 7788 | 23/05/1987 | 1100 |      |     20
  7900 | JAMES  | CLERK     | 7698 | 03/12/1981 |  950 |      |     30
  7902 | FORD   | ANALYST   | 7566 | 03/12/1981 | 3000 |      |     20
  7934 | MILLER | CLERK     | 7782 | 23/01/1982 | 1300 |      |     10
(14 rows)

SELECT * FROM emp_ext ORDER BY empno,deptno;
 empno | ename  |    job    | mgr  |  hiredate  | sal  | comm | deptno 
-------+--------+-----------+------+------------+------+------+--------
  7369 | SMITH  | CLERK     | 7902 | 17/12/1980 |  800 |      |     20
  7499 | ALLEN  | SALESMAN  | 7698 | 20/02/1981 | 1600 |  300 |     30
  7521 | WARD   | SALESMAN  | 7698 | 22/02/1981 | 1250 |  500 |     30
  7566 | JONES  | MANAGER   | 7839 | 02/04/1981 | 2975 |      |     20
  7654 | MARTIN | SALESMAN  | 7698 | 28/09/1981 | 1250 | 1400 |     30
  7698 | BLAKE  | MANAGER   | 7839 | 01/05/1981 | 2850 |      |     30
  7782 | CLARK  | MANAGER   | 7839 | 09/06/1981 | 2450 |      |     10
  7788 | SCOTT  | ANALYST   | 7566 | 19/04/1987 | 3000 |      |     20
  7839 | KING   | PRESIDENT |      | 17/11/1981 | 5000 |      |     10
  7844 | TURNER | SALESMAN  | 7698 | 08/09/1980 | 1500 |    0 |     30
  7876 | ADAMS  | CLERK     | 7788 | 23/05/1987 | 1100 |      |     20
  7900 | JAMES  | CLERK     | 7698 | 03/12/1981 |  950 |      |     30
  7902 | FORD   | ANALYST   | 7566 | 03/12/1981 | 3000 |      |     20
  7934 | MILLER | CLERK     | 7782 | 23/01/1982 | 1300 |      |     10
(14 rows)

SELECT deptno, sal, comm FROM emp_ext ORDER BY empno,deptno;
 deptno | sal  | comm 
--------+------+------
     20 |  800 |     
     30 | 1600 |  300
     30 | 1250 |  500
     20 | 2975 |     
     30 | 1250 | 1400
     30 | 2850 |     
     10 | 2450 |     
     20 | 3000 |     
     10 | 5000 |     
     30 | 1500 |    0
     20 | 1100 |     
     30 |  950 |     
     20 | 3000 |     
     10 | 1300 |     
(14 rows)

SELECT COUNT(*) FROM emp_ext;
 count 
-------
    14
(1 row)

SELECT * FROM emp_ext ORDER BY empno,deptno LIMIT 2;
 empno | ename |   job    | mgr  |  hiredate  | sal  | comm | deptno 
-------+-------+----------+------+------------+------+------+--------
  7369 | SMITH | CLERK    | 7902 | 17/12/1980 |  800 |      |     20
  7499 | ALLEN | SALESMAN | 7698 | 20/02/1981 | 1600 |  300 |     30
(2 rows)

SELECT * FROM emp_ext ORDER BY empno,deptno LIMIT 5 OFFSET 1;
 empno | ename  |   job    | mgr  |  hiredate  | sal  | comm | deptno 
-------+--------+----------+------+------------+------+------+--------
  7499 | ALLEN  | SALESMAN | 7698 | 20/02/1981 | 1600 |  300 |     30
  7521 | WARD   | SALESMAN | 7698 | 22/02/1981 | 1250 |  500 |     30
  7566 | JONES  | MANAGER  | 7839 | 02/04/1981 | 2975 |      |     20
  7654 | MARTIN | SALESMAN | 7698 | 28/09/1981 | 1250 | 1400 |     30
  7698 | BLAKE  | MANAGER  | 7839 | 01/05/1981 | 2850 |      |     30
(5 rows)

-- Data retrival using Group By.
SELECT deptno "Department", COUNT(emp_ext) "Total Employees" FROM emp_ext GROUP BY deptno ORDER BY deptno;
 Department | Total Employees 
------------+-----------------
         10 |               3
         20 |               5
         30 |               6
(3 rows)

SELECT deptno, ROUND(AVG(sal)) "Average Salary", SUM(sal) "Total Salary", MIN(sal) "Minimum Salary", MAX(sal) "Maximum Salary" FROM emp_ext
GROUP BY deptno
HAVING deptno = 10 OR deptno = 20 OR deptno = 30
ORDER BY deptno;
 deptno | Average Salary | Total Salary | Minimum Salary | Maximum Salary 
--------+----------------+--------------+----------------+----------------
     10 |           2917 |         8750 |           1300 |           5000
     20 |           2175 |        10875 |            800 |           3000
     30 |           1567 |         9400 |            950 |           2850
(3 rows)

-- Data retrival using Sub Queries.
SELECT * FROM emp_ext
WHERE deptno <> ALL (SELECT deptno FROM dept WHERE deptno IN (10,30,40))
ORDER BY empno,deptno;
 empno | ename |   job   | mgr  |  hiredate  | sal  | comm | deptno 
-------+-------+---------+------+------------+------+------+--------
  7369 | SMITH | CLERK   | 7902 | 17/12/1980 |  800 |      |     20
  7566 | JONES | MANAGER | 7839 | 02/04/1981 | 2975 |      |     20
  7788 | SCOTT | ANALYST | 7566 | 19/04/1987 | 3000 |      |     20
  7876 | ADAMS | CLERK   | 7788 | 23/05/1987 | 1100 |      |     20
  7902 | FORD  | ANALYST | 7566 | 03/12/1981 | 3000 |      |     20
(5 rows)

SELECT * FROM emp_ext
WHERE deptno NOT IN (SELECT deptno FROM dept)
ORDER BY empno;
 empno | ename | job | mgr | hiredate | sal | comm | deptno 
-------+-------+-----+-----+----------+-----+------+--------
(0 rows)

-- Data retrival using UNION.
SELECT deptno,dname FROM dept 
UNION
SELECT empno,ename FROM emp_ext
ORDER BY deptno;
 deptno |   dname    
--------+------------
     10 | ACCOUNTING
     20 | RESEARCH
     30 | SALES
     40 | OPERATIONS
   7369 | SMITH
   7499 | ALLEN
   7521 | WARD
   7566 | JONES
   7654 | MARTIN
   7698 | BLAKE
   7782 | CLARK
   7788 | SCOTT
   7839 | KING
   7844 | TURNER
   7876 | ADAMS
   7900 | JAMES
   7902 | FORD
   7934 | MILLER
(18 rows)

-- Data retrival using INTERSECT.
SELECT ename FROM emp_ext WHERE empno >= 7788 
INTERSECT
SELECT ename FROM emp_ext WHERE empno >= 7566
ORDER BY ename;
 ename  
--------
 ADAMS
 FORD
 JAMES
 KING
 MILLER
 SCOTT
 TURNER
(7 rows)

-- Data retrival using CROSS JOIN.
SELECT dept.dname, emp_ext.ename FROM dept CROSS JOIN emp_ext
ORDER BY dept.deptno;
   dname    | ename  
------------+--------
 ACCOUNTING | SMITH
 ACCOUNTING | ALLEN
 ACCOUNTING | WARD
 ACCOUNTING | JONES
 ACCOUNTING | MARTIN
 ACCOUNTING | BLAKE
 ACCOUNTING | CLARK
 ACCOUNTING | SCOTT
 ACCOUNTING | KING
 ACCOUNTING | TURNER
 ACCOUNTING | ADAMS
 ACCOUNTING | JAMES
 ACCOUNTING | FORD
 ACCOUNTING | MILLER
 RESEARCH   | SMITH
 RESEARCH   | ALLEN
 RESEARCH   | WARD
 RESEARCH   | JONES
 RESEARCH   | MARTIN
 RESEARCH   | BLAKE
 RESEARCH   | CLARK
 RESEARCH   | SCOTT
 RESEARCH   | KING
 RESEARCH   | TURNER
 RESEARCH   | ADAMS
 RESEARCH   | JAMES
 RESEARCH   | FORD
 RESEARCH   | MILLER
 SALES      | SMITH
 SALES      | ALLEN
 SALES      | WARD
 SALES      | JONES
 SALES      | MARTIN
 SALES      | BLAKE
 SALES      | CLARK
 SALES      | SCOTT
 SALES      | KING
 SALES      | TURNER
 SALES      | ADAMS
 SALES      | JAMES
 SALES      | FORD
 SALES      | MILLER
 OPERATIONS | SMITH
 OPERATIONS | ALLEN
 OPERATIONS | WARD
 OPERATIONS | JONES
 OPERATIONS | MARTIN
 OPERATIONS | BLAKE
 OPERATIONS | CLARK
 OPERATIONS | SCOTT
 OPERATIONS | KING
 OPERATIONS | TURNER
 OPERATIONS | ADAMS
 OPERATIONS | JAMES
 OPERATIONS | FORD
 OPERATIONS | MILLER
(56 rows)

-- Data retrival using INNER JOIN.
SELECT d.deptno,d.dname,e.empno,e.ename,e.sal,e.deptno FROM dept d, emp_ext e
WHERE d.deptno=e.deptno
ORDER BY d.deptno;
 deptno |   dname    | empno | ename  | sal  | deptno 
--------+------------+-------+--------+------+--------
     10 | ACCOUNTING |  7934 | MILLER | 1300 |     10
     10 | ACCOUNTING |  7782 | CLARK  | 2450 |     10
     10 | ACCOUNTING |  7839 | KING   | 5000 |     10
     20 | RESEARCH   |  7788 | SCOTT  | 3000 |     20
     20 | RESEARCH   |  7566 | JONES  | 2975 |     20
     20 | RESEARCH   |  7369 | SMITH  |  800 |     20
     20 | RESEARCH   |  7876 | ADAMS  | 1100 |     20
     20 | RESEARCH   |  7902 | FORD   | 3000 |     20
     30 | SALES      |  7521 | WARD   | 1250 |     30
     30 | SALES      |  7844 | TURNER | 1500 |     30
     30 | SALES      |  7499 | ALLEN  | 1600 |     30
     30 | SALES      |  7698 | BLAKE  | 2850 |     30
     30 | SALES      |  7654 | MARTIN | 1250 |     30
     30 | SALES      |  7900 | JAMES  |  950 |     30
(14 rows)

-- Data retrival using EXCEPT.
SELECT ename FROM emp_ext 
EXCEPT
SELECT ename FROM emp_ext WHERE empno > 7839
ORDER BY ename;
 ename  
--------
 ALLEN
 BLAKE
 CLARK
 JONES
 KING
 MARTIN
 SCOTT
 SMITH
 WARD
(9 rows)

-- Data retrival using OUTER JOINS.
SELECT d.deptno,d.dname,e.empno,e.ename,e.sal,e.deptno FROM dept d LEFT OUTER JOIN emp_ext e
ON d.deptno=e.deptno
ORDER BY d.deptno;
 deptno |   dname    | empno | ename  | sal  | deptno 
--------+------------+-------+--------+------+--------
     10 | ACCOUNTING |  7934 | MILLER | 1300 |     10
     10 | ACCOUNTING |  7782 | CLARK  | 2450 |     10
     10 | ACCOUNTING |  7839 | KING   | 5000 |     10
     20 | RESEARCH   |  7788 | SCOTT  | 3000 |     20
     20 | RESEARCH   |  7566 | JONES  | 2975 |     20
     20 | RESEARCH   |  7369 | SMITH  |  800 |     20
     20 | RESEARCH   |  7876 | ADAMS  | 1100 |     20
     20 | RESEARCH   |  7902 | FORD   | 3000 |     20
     30 | SALES      |  7521 | WARD   | 1250 |     30
     30 | SALES      |  7844 | TURNER | 1500 |     30
     30 | SALES      |  7499 | ALLEN  | 1600 |     30
     30 | SALES      |  7698 | BLAKE  | 2850 |     30
     30 | SALES      |  7654 | MARTIN | 1250 |     30
     30 | SALES      |  7900 | JAMES  |  950 |     30
     40 | OPERATIONS |       |        |      |       
(15 rows)

SELECT d.deptno,d.dname,e.empno,e.ename,e.sal,e.deptno FROM dept d RIGHT OUTER JOIN emp_ext e ON d.deptno=e.deptno
ORDER BY d.deptno;
 deptno |   dname    | empno | ename  | sal  | deptno 
--------+------------+-------+--------+------+--------
     10 | ACCOUNTING |  7934 | MILLER | 1300 |     10
     10 | ACCOUNTING |  7782 | CLARK  | 2450 |     10
     10 | ACCOUNTING |  7839 | KING   | 5000 |     10
     20 | RESEARCH   |  7788 | SCOTT  | 3000 |     20
     20 | RESEARCH   |  7566 | JONES  | 2975 |     20
     20 | RESEARCH   |  7369 | SMITH  |  800 |     20
     20 | RESEARCH   |  7876 | ADAMS  | 1100 |     20
     20 | RESEARCH   |  7902 | FORD   | 3000 |     20
     30 | SALES      |  7521 | WARD   | 1250 |     30
     30 | SALES      |  7844 | TURNER | 1500 |     30
     30 | SALES      |  7499 | ALLEN  | 1600 |     30
     30 | SALES      |  7698 | BLAKE  | 2850 |     30
     30 | SALES      |  7654 | MARTIN | 1250 |     30
     30 | SALES      |  7900 | JAMES  |  950 |     30
(14 rows)

SELECT d.deptno,d.dname,e.empno,e.ename,e.sal,e.deptno FROM dept d FULL OUTER JOIN emp_ext e
ON d.deptno=e.deptno
ORDER BY d.deptno,e.empno,e.sal;
 deptno |   dname    | empno | ename  | sal  | deptno 
--------+------------+-------+--------+------+--------
     10 | ACCOUNTING |  7782 | CLARK  | 2450 |     10
     10 | ACCOUNTING |  7839 | KING   | 5000 |     10
     10 | ACCOUNTING |  7934 | MILLER | 1300 |     10
     20 | RESEARCH   |  7369 | SMITH  |  800 |     20
     20 | RESEARCH   |  7566 | JONES  | 2975 |     20
     20 | RESEARCH   |  7788 | SCOTT  | 3000 |     20
     20 | RESEARCH   |  7876 | ADAMS  | 1100 |     20
     20 | RESEARCH   |  7902 | FORD   | 3000 |     20
     30 | SALES      |  7499 | ALLEN  | 1600 |     30
     30 | SALES      |  7521 | WARD   | 1250 |     30
     30 | SALES      |  7654 | MARTIN | 1250 |     30
     30 | SALES      |  7698 | BLAKE  | 2850 |     30
     30 | SALES      |  7844 | TURNER | 1500 |     30
     30 | SALES      |  7900 | JAMES  |  950 |     30
     40 | OPERATIONS |       |        |      |       
(15 rows)

-- Data retrival using CTE (With Clause).
WITH dept_count AS 
(
SELECT deptno, COUNT(*) AS dept_count
FROM emp_ext
GROUP BY deptno
)
SELECT e.ename AS Employee_Name,
dc.dept_count AS "Employee in Same Dept"
FROM emp_ext e,
dept_count dc
WHERE e.deptno = dc.deptno
ORDER BY e.deptno, e.ename;
 employee_name | Employee in Same Dept 
---------------+-----------------------
 CLARK         |                     3
 KING          |                     3
 MILLER        |                     3
 ADAMS         |                     5
 FORD          |                     5
 JONES         |                     5
 SCOTT         |                     5
 SMITH         |                     5
 ALLEN         |                     6
 BLAKE         |                     6
 JAMES         |                     6
 MARTIN        |                     6
 TURNER        |                     6
 WARD          |                     6
(14 rows)

WITH with_qry AS 
(
SELECT * FROM dept
)
SELECT e.ename, e.sal, w.deptno, w.dname
FROM emp_ext e, with_qry w
WHERE e.deptno = w.deptno
ORDER BY e.deptno, e.ename;
 ename  | sal  | deptno |   dname    
--------+------+--------+------------
 CLARK  | 2450 |     10 | ACCOUNTING
 KING   | 5000 |     10 | ACCOUNTING
 MILLER | 1300 |     10 | ACCOUNTING
 ADAMS  | 1100 |     20 | RESEARCH
 FORD   | 3000 |     20 | RESEARCH
 JONES  | 2975 |     20 | RESEARCH
 SCOTT  | 3000 |     20 | RESEARCH
 SMITH  |  800 |     20 | RESEARCH
 ALLEN  | 1600 |     30 | SALES
 BLAKE  | 2850 |     30 | SALES
 JAMES  |  950 |     30 | SALES
 MARTIN | 1250 |     30 | SALES
 TURNER | 1500 |     30 | SALES
 WARD   | 1250 |     30 | SALES
(14 rows)

-- Data retrival using Window Clause.
SELECT deptno, empno, sal, AVG(sal) OVER (PARTITION BY deptno) 
FROM emp_ext
ORDER BY deptno, empno;
 deptno | empno | sal  |          avg          
--------+-------+------+-----------------------
     10 |  7782 | 2450 | 2916.6666666666666667
     10 |  7839 | 5000 | 2916.6666666666666667
     10 |  7934 | 1300 | 2916.6666666666666667
     20 |  7369 |  800 | 2175.0000000000000000
     20 |  7566 | 2975 | 2175.0000000000000000
     20 |  7788 | 3000 | 2175.0000000000000000
     20 |  7876 | 1100 | 2175.0000000000000000
     20 |  7902 | 3000 | 2175.0000000000000000
     30 |  7499 | 1600 | 1566.6666666666666667
     30 |  7521 | 1250 | 1566.6666666666666667
     30 |  7654 | 1250 | 1566.6666666666666667
     30 |  7698 | 2850 | 1566.6666666666666667
     30 |  7844 | 1500 | 1566.6666666666666667
     30 |  7900 |  950 | 1566.6666666666666667
(14 rows)

SELECT deptno, empno, sal, COUNT(sal) OVER (PARTITION BY deptno) 
FROM emp_ext
WHERE deptno IN (10,30,40,50,60,70)
ORDER BY deptno, empno;
 deptno | empno | sal  | count 
--------+-------+------+-------
     10 |  7782 | 2450 |     3
     10 |  7839 | 5000 |     3
     10 |  7934 | 1300 |     3
     30 |  7499 | 1600 |     6
     30 |  7521 | 1250 |     6
     30 |  7654 | 1250 |     6
     30 |  7698 | 2850 |     6
     30 |  7844 | 1500 |     6
     30 |  7900 |  950 |     6
(9 rows)

-- Data retrival using Query Optimizer.
EXPLAIN (COSTS OFF) SELECT * FROM emp_ext ORDER BY deptno;
          QUERY PLAN           
-------------------------------
 Sort
   Sort Key: deptno
   ->  Foreign Scan on emp_ext
(3 rows)

EXPLAIN (COSTS OFF) SELECT empno,ename FROM emp_ext ORDER BY deptno;
          QUERY PLAN           
-------------------------------
 Sort
   Sort Key: deptno
   ->  Foreign Scan on emp_ext
(3 rows)

EXPLAIN (COSTS OFF) SELECT DISTINCT deptno FROM emp_ext;
             QUERY PLAN              
-------------------------------------
 Unique
   ->  Sort
         Sort Key: deptno
         ->  Foreign Scan on emp_ext
(4 rows)

EXPLAIN (COSTS OFF) SELECT * FROM emp_ext LIMIT 2;
          QUERY PLAN           
-------------------------------
 Limit
   ->  Foreign Scan on emp_ext
(2 rows)

EXPLAIN (COSTS OFF) SELECT deptno "Department", SUM(sal) "Total Salary…." FROM emp_ext
GROUP BY deptno
HAVING SUM(sal) > 8750
ORDER BY deptno;
             QUERY PLAN              
-------------------------------------
 GroupAggregate
   Group Key: deptno
   Filter: (sum(sal) > 8750)
   ->  Sort
         Sort Key: deptno
         ->  Foreign Scan on emp_ext
(6 rows)

EXPLAIN (COSTS OFF) SELECT * FROM emp_ext
WHERE deptno <> ALL (SELECT deptno FROM dept WHERE deptno IN (10,30,40))
ORDER BY empno;
                QUERY PLAN                
------------------------------------------
 Sort
   Sort Key: emp_ext.empno
   ->  Foreign Scan on emp_ext
         Filter: (SubPlan 1)
         SubPlan 1
           ->  Materialize
                 ->  Foreign Scan on dept
(7 rows)

EXPLAIN (COSTS OFF) 
SELECT deptno,dname FROM dept 
UNION
SELECT empno,ename FROM emp_ext
ORDER BY deptno;
                 QUERY PLAN                 
--------------------------------------------
 Sort
   Sort Key: dept.deptno
   ->  HashAggregate
         Group Key: dept.deptno, dept.dname
         ->  Append
               ->  Foreign Scan on dept
               ->  Foreign Scan on emp_ext
(7 rows)

-- Joins with Foreign and Local Tables.
CREATE TABLE dept_lcl (
deptno INTEGER NOT NULL CONSTRAINT dept_pk PRIMARY KEY,
dname VARCHAR(14) CONSTRAINT dept_dname_uq UNIQUE,
loc VARCHAR(13)
);
INSERT INTO dept_lcl VALUES (10,'ACCOUNTING','NEW YORK');
INSERT INTO dept_lcl VALUES (20,'RESEARCH','DALLAS');
INSERT INTO dept_lcl VALUES (30,'SALES','CHICAGO');
INSERT INTO dept_lcl VALUES (40,'OPERATIONS','BOSTON');
SELECT dept_lcl.dname, emp_ext.ename FROM dept_lcl CROSS JOIN emp_ext
ORDER BY dept_lcl.deptno;
   dname    | ename  
------------+--------
 ACCOUNTING | SMITH
 ACCOUNTING | ALLEN
 ACCOUNTING | WARD
 ACCOUNTING | JONES
 ACCOUNTING | MARTIN
 ACCOUNTING | BLAKE
 ACCOUNTING | CLARK
 ACCOUNTING | SCOTT
 ACCOUNTING | KING
 ACCOUNTING | TURNER
 ACCOUNTING | ADAMS
 ACCOUNTING | JAMES
 ACCOUNTING | FORD
 ACCOUNTING | MILLER
 RESEARCH   | SMITH
 RESEARCH   | ALLEN
 RESEARCH   | WARD
 RESEARCH   | JONES
 RESEARCH   | MARTIN
 RESEARCH   | BLAKE
 RESEARCH   | CLARK
 RESEARCH   | SCOTT
 RESEARCH   | KING
 RESEARCH   | TURNER
 RESEARCH   | ADAMS
 RESEARCH   | JAMES
 RESEARCH   | FORD
 RESEARCH   | MILLER
 SALES      | SMITH
 SALES      | ALLEN
 SALES      | WARD
 SALES      | JONES
 SALES      | MARTIN
 SALES      | BLAKE
 SALES      | CLARK
 SALES      | SCOTT
 SALES      | KING
 SALES      | TURNER
 SALES      | ADAMS
 SALES      | JAMES
 SALES      | FORD
 SALES      | MILLER
 OPERATIONS | SMITH
 OPERATIONS | ALLEN
 OPERATIONS | WARD
 OPERATIONS | JONES
 OPERATIONS | MARTIN
 OPERATIONS | BLAKE
 OPERATIONS | CLARK
 OPERATIONS | SCOTT
 OPERATIONS | KING
 OPERATIONS | TURNER
 OPERATIONS | ADAMS
 OPERATIONS | JAMES
 OPERATIONS | FORD
 OPERATIONS | MILLER
(56 rows)

SELECT d.deptno,d.dname,e.empno,e.ename,e.sal,e.deptno FROM dept_lcl d, emp_ext e
WHERE d.deptno=e.deptno
ORDER BY d.deptno,e.empno,e.sal;
 deptno |   dname    | empno | ename  | sal  | deptno 
--------+------------+-------+--------+------+--------
     10 | ACCOUNTING |  7782 | CLARK  | 2450 |     10
     10 | ACCOUNTING |  7839 | KING   | 5000 |     10
     10 | ACCOUNTING |  7934 | MILLER | 1300 |     10
     20 | RESEARCH   |  7369 | SMITH  |  800 |     20
     20 | RESEARCH   |  7566 | JONES  | 2975 |     20
     20 | RESEARCH   |  7788 | SCOTT  | 3000 |     20
     20 | RESEARCH   |  7876 | ADAMS  | 1100 |     20
     20 | RESEARCH   |  7902 | FORD   | 3000 |     20
     30 | SALES      |  7499 | ALLEN  | 1600 |     30
     30 | SALES      |  7521 | WARD   | 1250 |     30
     30 | SALES      |  7654 | MARTIN | 1250 |     30
     30 | SALES      |  7698 | BLAKE  | 2850 |     30
     30 | SALES      |  7844 | TURNER | 1500 |     30
     30 | SALES      |  7900 | JAMES  |  950 |     30
(14 rows)

SELECT d.deptno,d.dname,e.empno,e.ename,e.sal,e.deptno FROM dept_lcl d LEFT OUTER JOIN emp_ext e
ON d.deptno=e.deptno
ORDER BY d.deptno,e.empno,e.sal;
 deptno |   dname    | empno | ename  | sal  | deptno 
--------+------------+-------+--------+------+--------
     10 | ACCOUNTING |  7782 | CLARK  | 2450 |     10
     10 | ACCOUNTING |  7839 | KING   | 5000 |     10
     10 | ACCOUNTING |  7934 | MILLER | 1300 |     10
     20 | RESEARCH   |  7369 | SMITH  |  800 |     20
     20 | RESEARCH   |  7566 | JONES  | 2975 |     20
     20 | RESEARCH   |  7788 | SCOTT  | 3000 |     20
     20 | RESEARCH   |  7876 | ADAMS  | 1100 |     20
     20 | RESEARCH   |  7902 | FORD   | 3000 |     20
     30 | SALES      |  7499 | ALLEN  | 1600 |     30
     30 | SALES      |  7521 | WARD   | 1250 |     30
     30 | SALES      |  7654 | MARTIN | 1250 |     30
     30 | SALES      |  7698 | BLAKE  | 2850 |     30
     30 | SALES      |  7844 | TURNER | 1500 |     30
     30 | SALES      |  7900 | JAMES  |  950 |     30
     40 | OPERATIONS |       |        |      |       
(15 rows)

EXPLAIN (COSTS OFF) SELECT dept_lcl.dname, emp_ext.ename FROM dept_lcl CROSS JOIN emp_ext
ORDER BY dept_lcl.deptno
--Cleanup
DROP FOREIGN TABLE emp_ext;
ERROR:  syntax error at or near "DROP"
LINE 4: DROP FOREIGN TABLE emp_ext;
        ^
DROP FOREIGN TABLE dept;
DROP TABLE dept_lcl;
DROP EXTENSION hdfs_fdw CASCADE;
NOTICE:  drop cascades to 3 other objects
DETAIL:  drop cascades to server hdfs_server
drop cascades to user mapping for postgres on server hdfs_server
drop cascades to foreign table emp_ext
--DROP PROCEDURE checkqryplan;
\c postgres postgres
DROP DATABASE fdw_regression;
