-- Connection Settings.
\set HIVE_SERVER         `echo \'"$HIVE_SERVER"\'`
\set HIVE_CLIENT_TYPE           '\'hiveserver2\''
\set HIVE_PORT           `echo \'"$HIVE_PORT"\'`
\set HIVE_USER           `echo \'"$HIVE_USER"\'`
\set HIVE_PASSWORD       `echo \'"$HIVE_PASSWORD"\'`
--possible values ldap/nosasl
\set AUTH_TYPE       `echo \'"$AUTH_TYPE"\'`
-- Create the database.
CREATE DATABASE fdw_regression;
\c fdw_regression postgres
-- Set the Date Style
SET datestyle TO SQL,DMY;
-- Set the Search Path to PUBLIC Schema
SET search_path TO public;
-- Create Hadoop FDW Extension.
CREATE EXTENSION hdfs_fdw;
-- Create Hadoop FDW Server.
CREATE SERVER hdfs_server FOREIGN DATA WRAPPER hdfs_fdw OPTIONS(host :HIVE_SERVER, port :HIVE_PORT, client_type :HIVE_CLIENT_TYPE);
-- Create function to verify the authenication with LDAP.
CREATE OR REPLACE FUNCTION verify_auth(auth VARCHAR(70),user_name VARCHAR(30),pass VARCHAR(30)) 
    RETURNS void AS $$
DECLARE
	d_sql text;
BEGIN
     
	IF auth = 'ldap' THEN

		-- Create postgres USER MAPPING with incorrect LDAP User.

		d_sql := 'CREATE USER MAPPING FOR postgres SERVER hdfs_server OPTIONS (username '' || user_name || '' , password '' || pass || '')';

		EXECUTE d_sql;

		-- Create Foreign Tables.

		d_sql := 'CREATE FOREIGN TABLE dept_dt_mp1 
				(
					deptno INTEGER, 
					dname VARCHAR(14), 
					loc VARCHAR(13) ) 
			SERVER hdfs_server OPTIONS (dbname ''fdw_db'', table_name ''dept_dt_mp'')';

		EXECUTE d_sql;

		-- Execute Select Statement.
	
		d_sql := 'SELECT * FROM dept_dt_mp1';

		EXECUTE d_sql;


		--Cleanup

		DROP FOREIGN TABLE dept_dt_mp1;

	END IF;

END;
    $$ LANGUAGE plpgsql;
--**************************************************************************************************
-- To verify that error message displayed when invalid LDAP User is used
--**************************************************************************************************
SELECT  verify_auth(:AUTH_TYPE,'wronguser','edb');
 verify_auth 
-------------
 
(1 row)

--SELECT  verify_auth('ldap','wronguser','edb');
--**************************************************************************************************
-- To verify that error message displayed when invalid LDAP User password is used
--**************************************************************************************************
SELECT  verify_auth(:AUTH_TYPE,'kzeeshan','wrong');
 verify_auth 
-------------
 
(1 row)

--**************************************************************************************************
-- To verify that error message displayed when invalid LDAP User and invalid password is used
--**************************************************************************************************
SELECT  verify_auth(:AUTH_TYPE,'wrong','wrong');
 verify_auth 
-------------
 
(1 row)

DROP EXTENSION hdfs_fdw CASCADE;
NOTICE:  drop cascades to server hdfs_server
\c postgres postgres
DROP DATABASE fdw_regression;
