\set HIVE_SERVER         `echo \'"$HIVE_SERVER"\'`
\set HIVE_CLIENT_TYPE    `echo \'"$CLIENT_TYPE"\'`
\set HIVE_PORT           `echo \'"$HIVE_PORT"\'`
\set HIVE_USER           `echo \'"$HIVE_USER"\'`
\set HIVE_PASSWORD       `echo \'"$HIVE_PASSWORD"\'`
\set AUTH_TYPE           `echo \'"$AUTH_TYPE"\'`
\c contrib_regression
CREATE EXTENSION IF NOT EXISTS hdfs_fdw;
CREATE SERVER hdfs_server FOREIGN DATA WRAPPER hdfs_fdw
 OPTIONS(host :HIVE_SERVER, port :HIVE_PORT, client_type :HIVE_CLIENT_TYPE, auth_type :AUTH_TYPE);
CREATE USER MAPPING FOR public SERVER hdfs_server
 OPTIONS (username :HIVE_USER, password :HIVE_PASSWORD);
CREATE FOREIGN TABLE weblogs
(
    client_ip                TEXT,
    full_request_date        TEXT,
    day                      TEXT,
    Month                    TEXT,
    month_num                INTEGER,
    year                     TEXT,
    hour                     TEXT,
    minute                   TEXT,
    second                   TEXT,
    timezone                 TEXT,
    http_verb                TEXT,
    uri                      TEXT,
    http_status_code         TEXT,
    bytes_returned           TEXT,
    referrer                 TEXT,
    user_agent               TEXT
)
SERVER hdfs_server OPTIONS (dbname 'fdw_db', table_name 'weblogs');
-- Server without use_remote_estimate option.
EXPLAIN (VERBOSE, COSTS OFF) SELECT * FROM weblogs;
                                                                                 QUERY PLAN                                                                                  
-----------------------------------------------------------------------------------------------------------------------------------------------------------------------------
 Foreign Scan on public.weblogs
   Output: client_ip, full_request_date, day, month, month_num, year, hour, minute, second, timezone, http_verb, uri, http_status_code, bytes_returned, referrer, user_agent
   Remote SQL: SELECT * FROM `fdw_db`.`weblogs`
(3 rows)

-- Use wrong parameter name, error message will be displayed.
ALTER SERVER hdfs_server OPTIONS (use_remote_estimate 'wrong');
EXPLAIN (VERBOSE, COSTS OFF) SELECT * FROM weblogs;
ERROR:  use_remote_estimate requires a Boolean value
-- Use non-Boolean parameter name, error message will be displayed.
ALTER SERVER hdfs_server OPTIONS (SET use_remote_estimate '1');
EXPLAIN (VERBOSE, COSTS OFF) SELECT * FROM weblogs;
ERROR:  use_remote_estimate requires a Boolean value
-- Using false value in use_remote_estimate, 1000 rows will be returned in
-- query Plan
ALTER SERVER hdfs_server OPTIONS (SET use_remote_estimate 'false');
EXPLAIN (VERBOSE, COSTS OFF) SELECT * FROM weblogs;
                                                                                 QUERY PLAN                                                                                  
-----------------------------------------------------------------------------------------------------------------------------------------------------------------------------
 Foreign Scan on public.weblogs
   Output: client_ip, full_request_date, day, month, month_num, year, hour, minute, second, timezone, http_verb, uri, http_status_code, bytes_returned, referrer, user_agent
   Remote SQL: SELECT * FROM `fdw_db`.`weblogs`
(3 rows)

-- Function to fetch rows.
CREATE OR REPLACE FUNCTION query_rows_count (client_type VARCHAR(70), ure BOOL, query TEXT, OUT v_rows FLOAT)
RETURNS FLOAT LANGUAGE plpgsql AS $$
 DECLARE
  detail json;
 BEGIN
  CREATE TEMPORARY TABLE query_rows_stats (rows float);
  EXECUTE 'EXPLAIN (verbose, format json) ' || query INTO detail;
  IF client_type <> 'spark' THEN
   INSERT INTO query_rows_stats VALUES ((detail->0->'Plan'->'Plan Rows')::text::float);
  END IF;
  IF client_type = 'spark' AND ure = false THEN
   INSERT INTO query_rows_stats VALUES ((detail->0->'Plan'->'Plan Rows')::text::float);
  END IF;
  IF client_type = 'spark' AND ure = true THEN
   INSERT INTO query_rows_stats VALUES ('445454'::float);
  END IF;
  SELECT rows INTO v_rows FROM query_rows_stats;
  DROP TABLE query_rows_stats;
 END;
$$;
-- Check rows with use_remote_estimate set to false.
-- use_remote_estimate when set to false shows minimum 1000 rows in plan.
ALTER SERVER hdfs_server OPTIONS (SET use_remote_estimate 'false');
SELECT v_rows FROM query_rows_count (:HIVE_CLIENT_TYPE, false, 'SELECT * FROM weblogs');
 v_rows 
--------
   1000
(1 row)

--Cleanup
DROP FUNCTION query_rows_count(VARCHAR, BOOL, TEXT);
DROP FOREIGN TABLE weblogs;
DROP USER MAPPING FOR public SERVER hdfs_server;
DROP SERVER hdfs_server;
DROP EXTENSION hdfs_fdw;
